------------------------------------------------------------
Timing Analyzer Summary
------------------------------------------------------------

Type  : Setup 'clk'
Slack : -7.127
TNS   : -46.191

Type  : Setup 'cronometro:timer|UndMin:UndM|tFlipFlop:F0|Q'
Slack : -3.804
TNS   : -4.998

Type  : Setup 'cronometro:timer|DzSec:DzS|tFlipFlop:F0|Q'
Slack : -2.745
TNS   : -6.028

Type  : Setup 'h'
Slack : -1.912
TNS   : -5.382

Type  : Setup 'cronometro:timer|UndSec:UndS|tFlipFlop:F0|Q'
Slack : -1.542
TNS   : -3.078

Type  : Setup 'binaryToDigit:btd|twoBitCounter:tbc|dFlipFlop:F0|q'
Slack : -1.526
TNS   : -1.526

Type  : Setup 'delayC:dlc|dFlipFlop:F8|q'
Slack : -1.471
TNS   : -1.471

Type  : Setup 'decoderColuna:dC|dFlipFlop:F1|q'
Slack : -1.235
TNS   : -1.235

Type  : Setup 'cronometro:timer|muxCountCronometro:MCC|twoBitCounter:tbc|dFlipFlop:F0|q'
Slack : -1.215
TNS   : -1.215

Type  : Setup 'delay:dl|dFlipFlop:F0|q'
Slack : -0.172
TNS   : -0.172

Type  : Setup 'delay:dl|dFlipFlop:F3|q'
Slack : 0.209
TNS   : 0.000

Type  : Setup 'delay:dl|dFlipFlop:F5|q'
Slack : 0.209
TNS   : 0.000

Type  : Setup 'delay:dl|dFlipFlop:F8|q'
Slack : 0.209
TNS   : 0.000

Type  : Setup 'delayC:dlc|dFlipFlop:F4|q'
Slack : 0.209
TNS   : 0.000

Type  : Setup 'delayC:dlc|dFlipFlop:F2|q'
Slack : 0.210
TNS   : 0.000

Type  : Setup 'delayC:dlc|dFlipFlop:F6|q'
Slack : 0.210
TNS   : 0.000

Type  : Setup 'delay:dl|dFlipFlop:F13|q'
Slack : 0.216
TNS   : 0.000

Type  : Setup 'delay:dl|dFlipFlop:F10|q'
Slack : 0.469
TNS   : 0.000

Type  : Setup 'delay:dl|dFlipFlop:F1|q'
Slack : 0.640
TNS   : 0.000

Type  : Setup 'delay:dl|dFlipFlop:F6|q'
Slack : 0.791
TNS   : 0.000

Type  : Setup 'delay:dl|dFlipFlop:F7|q'
Slack : 0.801
TNS   : 0.000

Type  : Setup 'delay:dl|dFlipFlop:F12|q'
Slack : 0.822
TNS   : 0.000

Type  : Setup 'delayC:dlc|dFlipFlop:F1|q'
Slack : 0.823
TNS   : 0.000

Type  : Setup 'delayC:dlc|dFlipFlop:F5|q'
Slack : 0.828
TNS   : 0.000

Type  : Setup 'delay:dl|dFlipFlop:F14|q'
Slack : 1.189
TNS   : 0.000

Type  : Setup 'delay:dl|dFlipFlop:F4|q'
Slack : 1.400
TNS   : 0.000

Type  : Setup 'delay:dl|dFlipFlop:F9|q'
Slack : 1.411
TNS   : 0.000

Type  : Setup 'delayC:dlc|dFlipFlop:F0|q'
Slack : 1.444
TNS   : 0.000

Type  : Setup 'delay:dl|dFlipFlop:F11|q'
Slack : 1.482
TNS   : 0.000

Type  : Setup 'delayC:dlc|dFlipFlop:F3|q'
Slack : 1.546
TNS   : 0.000

Type  : Setup 'delayC:dlc|dFlipFlop:F7|q'
Slack : 1.575
TNS   : 0.000

Type  : Setup 'decoderColuna:dC|dFlipFlop:F0|q'
Slack : 1.581
TNS   : 0.000

Type  : Setup 'delay:dl|dFlipFlop:F2|q'
Slack : 2.086
TNS   : 0.000

Type  : Setup 'delay:dl|dFlipFlop:F15|q'
Slack : 3.240
TNS   : 0.000

Type  : Hold 'h'
Slack : -9.510
TNS   : -33.701

Type  : Hold 'cronometro:timer|DzSec:DzS|tFlipFlop:F0|Q'
Slack : -5.137
TNS   : -18.224

Type  : Hold 'delay:dl|dFlipFlop:F15|q'
Slack : -3.501
TNS   : -13.542

Type  : Hold 'cronometro:timer|UndSec:UndS|tFlipFlop:F0|Q'
Slack : -3.036
TNS   : -8.618

Type  : Hold 'delay:dl|dFlipFlop:F2|q'
Slack : -2.140
TNS   : -2.140

Type  : Hold 'clk'
Slack : -2.059
TNS   : -2.059

Type  : Hold 'decoderColuna:dC|dFlipFlop:F0|q'
Slack : -1.635
TNS   : -1.635

Type  : Hold 'delayC:dlc|dFlipFlop:F7|q'
Slack : -1.629
TNS   : -1.629

Type  : Hold 'delayC:dlc|dFlipFlop:F3|q'
Slack : -1.600
TNS   : -1.600

Type  : Hold 'delay:dl|dFlipFlop:F11|q'
Slack : -1.536
TNS   : -1.536

Type  : Hold 'delayC:dlc|dFlipFlop:F0|q'
Slack : -1.498
TNS   : -1.498

Type  : Hold 'delay:dl|dFlipFlop:F9|q'
Slack : -1.465
TNS   : -1.465

Type  : Hold 'delay:dl|dFlipFlop:F4|q'
Slack : -1.454
TNS   : -1.454

Type  : Hold 'delay:dl|dFlipFlop:F14|q'
Slack : -1.243
TNS   : -1.243

Type  : Hold 'delayC:dlc|dFlipFlop:F5|q'
Slack : -0.882
TNS   : -0.882

Type  : Hold 'delayC:dlc|dFlipFlop:F1|q'
Slack : -0.877
TNS   : -0.877

Type  : Hold 'delay:dl|dFlipFlop:F12|q'
Slack : -0.876
TNS   : -0.876

Type  : Hold 'delay:dl|dFlipFlop:F7|q'
Slack : -0.855
TNS   : -0.855

Type  : Hold 'delay:dl|dFlipFlop:F6|q'
Slack : -0.845
TNS   : -0.845

Type  : Hold 'delay:dl|dFlipFlop:F1|q'
Slack : -0.694
TNS   : -0.694

Type  : Hold 'delay:dl|dFlipFlop:F10|q'
Slack : -0.523
TNS   : -0.523

Type  : Hold 'delay:dl|dFlipFlop:F13|q'
Slack : -0.270
TNS   : -0.270

Type  : Hold 'delayC:dlc|dFlipFlop:F2|q'
Slack : -0.264
TNS   : -0.264

Type  : Hold 'delayC:dlc|dFlipFlop:F6|q'
Slack : -0.264
TNS   : -0.264

Type  : Hold 'delay:dl|dFlipFlop:F3|q'
Slack : -0.263
TNS   : -0.263

Type  : Hold 'delay:dl|dFlipFlop:F5|q'
Slack : -0.263
TNS   : -0.263

Type  : Hold 'delay:dl|dFlipFlop:F8|q'
Slack : -0.263
TNS   : -0.263

Type  : Hold 'delayC:dlc|dFlipFlop:F4|q'
Slack : -0.263
TNS   : -0.263

Type  : Hold 'delay:dl|dFlipFlop:F0|q'
Slack : 0.118
TNS   : 0.000

Type  : Hold 'cronometro:timer|UndMin:UndM|tFlipFlop:F0|Q'
Slack : 1.640
TNS   : 0.000

Type  : Hold 'cronometro:timer|muxCountCronometro:MCC|twoBitCounter:tbc|dFlipFlop:F0|q'
Slack : 1.661
TNS   : 0.000

Type  : Hold 'decoderColuna:dC|dFlipFlop:F1|q'
Slack : 1.681
TNS   : 0.000

Type  : Hold 'delayC:dlc|dFlipFlop:F8|q'
Slack : 1.917
TNS   : 0.000

Type  : Hold 'binaryToDigit:btd|twoBitCounter:tbc|dFlipFlop:F0|q'
Slack : 1.972
TNS   : 0.000

Type  : Recovery 'cronometro:timer|UndMin:UndM|tFlipFlop:F0|Q'
Slack : -11.642
TNS   : -22.253

Type  : Recovery 'cronometro:timer|DzSec:DzS|tFlipFlop:F0|Q'
Slack : -8.638
TNS   : -25.165

Type  : Recovery 'cronometro:timer|UndSec:UndS|tFlipFlop:F0|Q'
Slack : -5.672
TNS   : -17.016

Type  : Recovery 'h'
Slack : -4.896
TNS   : -9.792

Type  : Recovery 'decoderColuna:dC|dFlipFlop:F1|q'
Slack : -3.931
TNS   : -3.931

Type  : Recovery 'decoderColuna:dC|dFlipFlop:F0|q'
Slack : -2.709
TNS   : -2.709

Type  : Recovery 'delay:dl|dFlipFlop:F15|q'
Slack : -2.014
TNS   : -2.014

Type  : Removal 'h'
Slack : -4.840
TNS   : -14.324

Type  : Removal 'cronometro:timer|DzSec:DzS|tFlipFlop:F0|Q'
Slack : -1.890
TNS   : -3.371

Type  : Removal 'delay:dl|dFlipFlop:F15|q'
Slack : 0.857
TNS   : 0.000

Type  : Removal 'decoderColuna:dC|dFlipFlop:F0|q'
Slack : 1.552
TNS   : 0.000

Type  : Removal 'cronometro:timer|UndMin:UndM|tFlipFlop:F0|Q'
Slack : 2.087
TNS   : 0.000

Type  : Removal 'decoderColuna:dC|dFlipFlop:F1|q'
Slack : 2.774
TNS   : 0.000

Type  : Removal 'cronometro:timer|UndSec:UndS|tFlipFlop:F0|Q'
Slack : 4.975
TNS   : 0.000

Type  : Minimum Pulse Width 'clk'
Slack : -2.289
TNS   : -2.289

Type  : Minimum Pulse Width 'h'
Slack : -2.289
TNS   : -2.289

Type  : Minimum Pulse Width 'binaryToDigit:btd|twoBitCounter:tbc|dFlipFlop:F0|q'
Slack : 0.234
TNS   : 0.000

Type  : Minimum Pulse Width 'cronometro:timer|DzSec:DzS|tFlipFlop:F0|Q'
Slack : 0.234
TNS   : 0.000

Type  : Minimum Pulse Width 'cronometro:timer|UndMin:UndM|tFlipFlop:F0|Q'
Slack : 0.234
TNS   : 0.000

Type  : Minimum Pulse Width 'cronometro:timer|UndSec:UndS|tFlipFlop:F0|Q'
Slack : 0.234
TNS   : 0.000

Type  : Minimum Pulse Width 'cronometro:timer|muxCountCronometro:MCC|twoBitCounter:tbc|dFlipFlop:F0|q'
Slack : 0.234
TNS   : 0.000

Type  : Minimum Pulse Width 'decoderColuna:dC|dFlipFlop:F0|q'
Slack : 0.234
TNS   : 0.000

Type  : Minimum Pulse Width 'decoderColuna:dC|dFlipFlop:F1|q'
Slack : 0.234
TNS   : 0.000

Type  : Minimum Pulse Width 'delay:dl|dFlipFlop:F0|q'
Slack : 0.234
TNS   : 0.000

Type  : Minimum Pulse Width 'delay:dl|dFlipFlop:F10|q'
Slack : 0.234
TNS   : 0.000

Type  : Minimum Pulse Width 'delay:dl|dFlipFlop:F11|q'
Slack : 0.234
TNS   : 0.000

Type  : Minimum Pulse Width 'delay:dl|dFlipFlop:F12|q'
Slack : 0.234
TNS   : 0.000

Type  : Minimum Pulse Width 'delay:dl|dFlipFlop:F13|q'
Slack : 0.234
TNS   : 0.000

Type  : Minimum Pulse Width 'delay:dl|dFlipFlop:F14|q'
Slack : 0.234
TNS   : 0.000

Type  : Minimum Pulse Width 'delay:dl|dFlipFlop:F15|q'
Slack : 0.234
TNS   : 0.000

Type  : Minimum Pulse Width 'delay:dl|dFlipFlop:F1|q'
Slack : 0.234
TNS   : 0.000

Type  : Minimum Pulse Width 'delay:dl|dFlipFlop:F2|q'
Slack : 0.234
TNS   : 0.000

Type  : Minimum Pulse Width 'delay:dl|dFlipFlop:F3|q'
Slack : 0.234
TNS   : 0.000

Type  : Minimum Pulse Width 'delay:dl|dFlipFlop:F4|q'
Slack : 0.234
TNS   : 0.000

Type  : Minimum Pulse Width 'delay:dl|dFlipFlop:F5|q'
Slack : 0.234
TNS   : 0.000

Type  : Minimum Pulse Width 'delay:dl|dFlipFlop:F6|q'
Slack : 0.234
TNS   : 0.000

Type  : Minimum Pulse Width 'delay:dl|dFlipFlop:F7|q'
Slack : 0.234
TNS   : 0.000

Type  : Minimum Pulse Width 'delay:dl|dFlipFlop:F8|q'
Slack : 0.234
TNS   : 0.000

Type  : Minimum Pulse Width 'delay:dl|dFlipFlop:F9|q'
Slack : 0.234
TNS   : 0.000

Type  : Minimum Pulse Width 'delayC:dlc|dFlipFlop:F0|q'
Slack : 0.234
TNS   : 0.000

Type  : Minimum Pulse Width 'delayC:dlc|dFlipFlop:F1|q'
Slack : 0.234
TNS   : 0.000

Type  : Minimum Pulse Width 'delayC:dlc|dFlipFlop:F2|q'
Slack : 0.234
TNS   : 0.000

Type  : Minimum Pulse Width 'delayC:dlc|dFlipFlop:F3|q'
Slack : 0.234
TNS   : 0.000

Type  : Minimum Pulse Width 'delayC:dlc|dFlipFlop:F4|q'
Slack : 0.234
TNS   : 0.000

Type  : Minimum Pulse Width 'delayC:dlc|dFlipFlop:F5|q'
Slack : 0.234
TNS   : 0.000

Type  : Minimum Pulse Width 'delayC:dlc|dFlipFlop:F6|q'
Slack : 0.234
TNS   : 0.000

Type  : Minimum Pulse Width 'delayC:dlc|dFlipFlop:F7|q'
Slack : 0.234
TNS   : 0.000

Type  : Minimum Pulse Width 'delayC:dlc|dFlipFlop:F8|q'
Slack : 0.234
TNS   : 0.000

------------------------------------------------------------
